/Users/a212764142/development/github/TechChallenge-2019/Feature-Saranya/tc-team-2/back-end/src/main/java/com/example/demo/Job.java
/Users/a212764142/development/github/TechChallenge-2019/Feature-Saranya/tc-team-2/back-end/src/main/java/com/example/demo/Member.java
/Users/a212764142/development/github/TechChallenge-2019/Feature-Saranya/tc-team-2/back-end/src/main/java/com/example/demo/BPM.java
/Users/a212764142/development/github/TechChallenge-2019/Feature-Saranya/tc-team-2/back-end/src/main/java/com/example/demo/User.java
/Users/a212764142/development/github/TechChallenge-2019/Feature-Saranya/tc-team-2/back-end/src/main/java/com/example/demo/Member_Survey.java
/Users/a212764142/development/github/TechChallenge-2019/Feature-Saranya/tc-team-2/back-end/src/main/java/com/example/demo/Controller.java
/Users/a212764142/development/github/TechChallenge-2019/Feature-Saranya/tc-team-2/back-end/src/main/java/com/example/demo/Tuple.java
/Users/a212764142/development/github/TechChallenge-2019/Feature-Saranya/tc-team-2/back-end/src/main/java/com/example/demo/Survey.java
/Users/a212764142/development/github/TechChallenge-2019/Feature-Saranya/tc-team-2/back-end/src/main/java/com/example/demo/AL.java
/Users/a212764142/development/github/TechChallenge-2019/Feature-Saranya/tc-team-2/back-end/src/main/java/com/example/demo/BackEndApplication.java
/Users/a212764142/development/github/TechChallenge-2019/Feature-Saranya/tc-team-2/back-end/src/main/java/com/example/demo/updateINFO.java
/Users/a212764142/development/github/TechChallenge-2019/Feature-Saranya/tc-team-2/back-end/src/main/java/com/example/demo/Rotation.java
/Users/a212764142/development/github/TechChallenge-2019/Feature-Saranya/tc-team-2/back-end/src/main/java/com/example/demo/Preference.java
/Users/a212764142/development/github/TechChallenge-2019/Feature-Saranya/tc-team-2/back-end/src/main/java/com/example/demo/BackEndController.java
/Users/a212764142/development/github/TechChallenge-2019/Feature-Saranya/tc-team-2/back-end/src/main/java/com/example/demo/AL_Survey.java
/Users/a212764142/development/github/TechChallenge-2019/Feature-Saranya/tc-team-2/back-end/src/main/java/com/example/demo/loadINFO.java
